// Jest Snapshot v1, https://goo.gl/fbAQLP

exports[`CountryCard snapshot renders correctly 1`] = `
Array [
  <div
    className="MuiPaper-root-4 MuiPaper-elevation2-8 MuiPaper-rounded-5 CountryCard-paper-1"
    onClick={[Function]}
>
    <div
        className="MuiButtonBase-root-43 MuiListItem-root-31 MuiListItem-default-34 MuiListItem-gutters-39 MuiListItem-button-40 CountryCard-root-2"
        onBlur={[Function]}
        onContextMenu={[Function]}
        onFocus={[Function]}
        onKeyDown={[Function]}
        onKeyUp={[Function]}
        onMouseDown={[Function]}
        onMouseLeave={[Function]}
        onMouseUp={[Function]}
        onTouchEnd={[Function]}
        onTouchMove={[Function]}
        onTouchStart={[Function]}
        role="button"
        tabIndex="0"
    >
        <img
            alt={undefined}
            className="CountryCard-flagImg-3"
            src={undefined}
        />
        <div
            className="MuiListItemText-root-46"
        />
        <span
            className="MuiTouchRipple-root-52"
        />
    </div>
</div>,
  <div />,
]
`;
